// Jest Snapshot v1, https://goo.gl/fbAQLP

exports[`<InfoCont /> renders without crashing 1`] = `
<View
  style={
    Object {
      "borderBottomColor": "#f1f1f1",
      "borderBottomWidth": 1.5,
      "justifyContent": "center",
      "marginBottom": 20,
      "marginLeft": "6.5%",
      "width": "87%",
    }
  }
>
  <Text
    style={
      Object {
        "color": "#8f8f8f80",
        "fontFamily": "OpenSans_600SemiBold",
        "marginBottom": 10,
        "textTransform": "uppercase",
      }
    }
  >
    :
  </Text>
  <View
    style={
      Object {
        "flexDirection": "row",
        "justifyContent": "space-between",
        "marginBottom": 20,
        "width": "100%",
      }
    }
  >
    <Text
      style={
        Object {
          "fontFamily": "OpenSans_600SemiBold",
        }
      }
    />
  </View>
</View>
`;
